2026-05-06 17:48:19,627 - ModelRegistry - INFO - No existing registry found at S:\Forecasting System\trained_models\model_registry.json
2026-05-06 17:48:25,434 - ModelRegistry - INFO - Registry entry added for state=Alabama model=XGBoost
2026-05-06 17:48:25,434 - ModelRegistry - INFO - Saved model registry to S:\Forecasting System\trained_models\model_registry.json
2026-05-06 17:48:31,162 - ModelRegistry - INFO - Registry entry added for state=Arizona model=XGBoost
2026-05-06 17:48:31,165 - ModelRegistry - INFO - Saved model registry to S:\Forecasting System\trained_models\model_registry.json
2026-05-06 17:48:36,716 - ModelRegistry - INFO - Registry entry added for state=Arkansas model=XGBoost
2026-05-06 17:48:36,717 - ModelRegistry - INFO - Saved model registry to S:\Forecasting System\trained_models\model_registry.json
2026-05-06 17:48:41,854 - ModelRegistry - INFO - Registry entry added for state=California model=XGBoost
2026-05-06 17:48:41,855 - ModelRegistry - INFO - Saved model registry to S:\Forecasting System\trained_models\model_registry.json
2026-05-06 17:48:46,841 - ModelRegistry - INFO - Registry entry added for state=Colorado model=XGBoost
2026-05-06 17:48:46,842 - ModelRegistry - INFO - Saved model registry to S:\Forecasting System\trained_models\model_registry.json
2026-05-06 17:48:52,238 - ModelRegistry - INFO - Registry entry added for state=Connecticut model=XGBoost
2026-05-06 17:48:52,239 - ModelRegistry - INFO - Saved model registry to S:\Forecasting System\trained_models\model_registry.json
2026-05-06 17:48:57,754 - ModelRegistry - INFO - Registry entry added for state=Florida model=XGBoost
2026-05-06 17:48:57,755 - ModelRegistry - INFO - Saved model registry to S:\Forecasting System\trained_models\model_registry.json
2026-05-06 17:49:03,158 - ModelRegistry - INFO - Registry entry added for state=Georgia model=XGBoost
2026-05-06 17:49:03,159 - ModelRegistry - INFO - Saved model registry to S:\Forecasting System\trained_models\model_registry.json
2026-05-06 17:49:08,379 - ModelRegistry - INFO - Registry entry added for state=Illinois model=XGBoost
2026-05-06 17:49:08,380 - ModelRegistry - INFO - Saved model registry to S:\Forecasting System\trained_models\model_registry.json
2026-05-06 17:49:13,616 - ModelRegistry - INFO - Registry entry added for state=Indiana model=XGBoost
2026-05-06 17:49:13,617 - ModelRegistry - INFO - Saved model registry to S:\Forecasting System\trained_models\model_registry.json
2026-05-06 17:49:20,381 - ModelRegistry - INFO - Registry entry added for state=Iowa model=XGBoost
2026-05-06 17:49:20,383 - ModelRegistry - INFO - Saved model registry to S:\Forecasting System\trained_models\model_registry.json
2026-05-06 17:49:25,710 - ModelRegistry - INFO - Registry entry added for state=Kansas model=XGBoost
2026-05-06 17:49:25,713 - ModelRegistry - INFO - Saved model registry to S:\Forecasting System\trained_models\model_registry.json
2026-05-06 17:49:31,252 - ModelRegistry - INFO - Registry entry added for state=Kentucky model=XGBoost
2026-05-06 17:49:31,256 - ModelRegistry - INFO - Saved model registry to S:\Forecasting System\trained_models\model_registry.json
2026-05-06 17:49:36,369 - ModelRegistry - INFO - Registry entry added for state=Louisiana model=XGBoost
2026-05-06 17:49:36,371 - ModelRegistry - INFO - Saved model registry to S:\Forecasting System\trained_models\model_registry.json
2026-05-06 17:49:42,323 - ModelRegistry - INFO - Registry entry added for state=Maine model=XGBoost
2026-05-06 17:49:42,326 - ModelRegistry - INFO - Saved model registry to S:\Forecasting System\trained_models\model_registry.json
2026-05-06 17:49:49,268 - ModelRegistry - INFO - Registry entry added for state=Maryland model=XGBoost
2026-05-06 17:49:49,270 - ModelRegistry - INFO - Saved model registry to S:\Forecasting System\trained_models\model_registry.json
2026-05-06 17:49:57,619 - ModelRegistry - INFO - Registry entry added for state=Massachusetts model=XGBoost
2026-05-06 17:49:57,621 - ModelRegistry - INFO - Saved model registry to S:\Forecasting System\trained_models\model_registry.json
2026-05-06 17:50:03,504 - ModelRegistry - INFO - Registry entry added for state=Michigan model=XGBoost
2026-05-06 17:50:03,506 - ModelRegistry - INFO - Saved model registry to S:\Forecasting System\trained_models\model_registry.json
2026-05-06 17:50:09,082 - ModelRegistry - INFO - Registry entry added for state=Minnesota model=XGBoost
2026-05-06 17:50:09,083 - ModelRegistry - INFO - Saved model registry to S:\Forecasting System\trained_models\model_registry.json
2026-05-06 17:50:13,942 - ModelRegistry - INFO - Registry entry added for state=Mississippi model=XGBoost
2026-05-06 17:50:13,944 - ModelRegistry - INFO - Saved model registry to S:\Forecasting System\trained_models\model_registry.json
2026-05-06 17:50:20,969 - ModelRegistry - INFO - Registry entry added for state=Missouri model=XGBoost
2026-05-06 17:50:20,971 - ModelRegistry - INFO - Saved model registry to S:\Forecasting System\trained_models\model_registry.json
2026-05-06 17:50:25,729 - ModelRegistry - INFO - Registry entry added for state=Nebraska model=XGBoost
2026-05-06 17:50:25,731 - ModelRegistry - INFO - Saved model registry to S:\Forecasting System\trained_models\model_registry.json
2026-05-06 17:50:31,359 - ModelRegistry - INFO - Registry entry added for state=Nevada model=XGBoost
2026-05-06 17:50:31,360 - ModelRegistry - INFO - Saved model registry to S:\Forecasting System\trained_models\model_registry.json
2026-05-06 17:50:35,963 - ModelRegistry - INFO - Registry entry added for state=New Hampshire model=XGBoost
2026-05-06 17:50:35,964 - ModelRegistry - INFO - Saved model registry to S:\Forecasting System\trained_models\model_registry.json
2026-05-06 17:50:41,885 - ModelRegistry - INFO - Registry entry added for state=New Mexico model=XGBoost
2026-05-06 17:50:41,887 - ModelRegistry - INFO - Saved model registry to S:\Forecasting System\trained_models\model_registry.json
2026-05-06 17:50:47,373 - ModelRegistry - INFO - Registry entry added for state=New York model=XGBoost
2026-05-06 17:50:47,375 - ModelRegistry - INFO - Saved model registry to S:\Forecasting System\trained_models\model_registry.json
2026-05-06 17:50:56,869 - ModelRegistry - INFO - Registry entry added for state=North Carolina model=XGBoost
2026-05-06 17:50:56,876 - ModelRegistry - INFO - Saved model registry to S:\Forecasting System\trained_models\model_registry.json
2026-05-06 17:51:14,660 - ModelRegistry - INFO - Registry entry added for state=Ohio model=XGBoost
2026-05-06 17:51:14,663 - ModelRegistry - INFO - Saved model registry to S:\Forecasting System\trained_models\model_registry.json
2026-05-06 17:51:25,714 - ModelRegistry - INFO - Registry entry added for state=Oklahoma model=XGBoost
2026-05-06 17:51:25,715 - ModelRegistry - INFO - Saved model registry to S:\Forecasting System\trained_models\model_registry.json
2026-05-06 17:51:32,676 - ModelRegistry - INFO - Registry entry added for state=Oregon model=XGBoost
2026-05-06 17:51:32,677 - ModelRegistry - INFO - Saved model registry to S:\Forecasting System\trained_models\model_registry.json
2026-05-06 17:51:38,926 - ModelRegistry - INFO - Registry entry added for state=Pennsylvania model=XGBoost
2026-05-06 17:51:38,928 - ModelRegistry - INFO - Saved model registry to S:\Forecasting System\trained_models\model_registry.json
2026-05-06 17:51:44,567 - ModelRegistry - INFO - Registry entry added for state=Rhode Island model=XGBoost
2026-05-06 17:51:44,569 - ModelRegistry - INFO - Saved model registry to S:\Forecasting System\trained_models\model_registry.json
2026-05-06 17:51:50,039 - ModelRegistry - INFO - Registry entry added for state=South Carolina model=XGBoost
2026-05-06 17:51:50,040 - ModelRegistry - INFO - Saved model registry to S:\Forecasting System\trained_models\model_registry.json
2026-05-06 17:51:54,825 - ModelRegistry - INFO - Registry entry added for state=South Dakota model=XGBoost
2026-05-06 17:51:54,826 - ModelRegistry - INFO - Saved model registry to S:\Forecasting System\trained_models\model_registry.json
2026-05-06 17:52:00,004 - ModelRegistry - INFO - Registry entry added for state=Tennessee model=XGBoost
2026-05-06 17:52:00,006 - ModelRegistry - INFO - Saved model registry to S:\Forecasting System\trained_models\model_registry.json
2026-05-06 17:52:05,329 - ModelRegistry - INFO - Registry entry added for state=Texas model=XGBoost
2026-05-06 17:52:05,330 - ModelRegistry - INFO - Saved model registry to S:\Forecasting System\trained_models\model_registry.json
2026-05-06 17:52:10,582 - ModelRegistry - INFO - Registry entry added for state=Utah model=XGBoost
2026-05-06 17:52:10,584 - ModelRegistry - INFO - Saved model registry to S:\Forecasting System\trained_models\model_registry.json
2026-05-06 17:52:15,575 - ModelRegistry - INFO - Registry entry added for state=Vermont model=XGBoost
2026-05-06 17:52:15,581 - ModelRegistry - INFO - Saved model registry to S:\Forecasting System\trained_models\model_registry.json
2026-05-06 17:52:20,740 - ModelRegistry - INFO - Registry entry added for state=Virginia model=XGBoost
2026-05-06 17:52:20,741 - ModelRegistry - INFO - Saved model registry to S:\Forecasting System\trained_models\model_registry.json
2026-05-06 17:52:26,112 - ModelRegistry - INFO - Registry entry added for state=Washington model=XGBoost
2026-05-06 17:52:26,113 - ModelRegistry - INFO - Saved model registry to S:\Forecasting System\trained_models\model_registry.json
2026-05-06 17:52:30,736 - ModelRegistry - INFO - Registry entry added for state=West Virginia model=XGBoost
2026-05-06 17:52:30,737 - ModelRegistry - INFO - Saved model registry to S:\Forecasting System\trained_models\model_registry.json
2026-05-06 17:52:36,647 - ModelRegistry - INFO - Registry entry added for state=Wisconsin model=XGBoost
2026-05-06 17:52:36,649 - ModelRegistry - INFO - Saved model registry to S:\Forecasting System\trained_models\model_registry.json
2026-05-06 17:52:42,171 - ModelRegistry - INFO - Registry entry added for state=Wyoming model=XGBoost
2026-05-06 17:52:42,172 - ModelRegistry - INFO - Saved model registry to S:\Forecasting System\trained_models\model_registry.json
2026-05-06 18:17:15,336 - ModelRegistry - INFO - Loaded existing registry from S:\Forecasting System\trained_models\model_registry.json
2026-05-06 18:20:00,779 - ModelRegistry - INFO - Loaded existing registry from S:\Forecasting System\trained_models\model_registry.json
2026-05-06 18:39:58,079 - ModelRegistry - INFO - Loaded existing registry from S:\Forecasting System\trained_models\model_registry.json
2026-05-06 18:45:07,029 - ModelRegistry - INFO - Loaded existing registry from S:\Forecasting System\trained_models\model_registry.json
2026-05-06 18:45:50,521 - ModelRegistry - INFO - Loaded existing registry from S:\Forecasting System\trained_models\model_registry.json
2026-05-06 18:46:09,959 - ModelRegistry - INFO - Loaded existing registry from S:\Forecasting System\trained_models\model_registry.json
2026-05-06 18:47:25,696 - ModelRegistry - INFO - Loaded existing registry from S:\Forecasting System\trained_models\model_registry.json
2026-05-06 18:48:13,873 - ModelRegistry - INFO - Loaded existing registry from S:\Forecasting System\trained_models\model_registry.json
2026-05-06 18:48:32,580 - ModelRegistry - INFO - Loaded existing registry from S:\Forecasting System\trained_models\model_registry.json
2026-05-06 18:52:04,170 - ModelRegistry - INFO - Loaded existing registry from S:\Forecasting System\trained_models\model_registry.json
2026-05-06 18:52:17,752 - ModelRegistry - INFO - Loaded existing registry from S:\Forecasting System\trained_models\model_registry.json
2026-05-06 18:52:53,009 - ModelRegistry - INFO - Loaded existing registry from S:\Forecasting System\trained_models\model_registry.json
2026-05-06 18:58:08,339 - ModelRegistry - INFO - Loaded existing registry from S:\Forecasting System\trained_models\model_registry.json
2026-05-06 18:58:32,717 - ModelRegistry - INFO - Loaded existing registry from S:\Forecasting System\trained_models\model_registry.json
2026-05-06 19:02:56,515 - ModelRegistry - INFO - Loaded existing registry from S:\Forecasting System\trained_models\model_registry.json
2026-05-06 19:06:10,352 - ModelRegistry - INFO - Loaded existing registry from S:\Forecasting System\trained_models\model_registry.json
2026-05-06 19:09:37,769 - ModelRegistry - INFO - Loaded existing registry from S:\Forecasting System\trained_models\model_registry.json
2026-05-06 19:11:21,078 - ModelRegistry - INFO - Loaded existing registry from S:\Forecasting System\trained_models\model_registry.json
2026-05-06 19:18:04,473 - ModelRegistry - INFO - Loaded existing registry from S:\Forecasting System\trained_models\model_registry.json
2026-05-06 19:18:04,476 - ModelRegistry - INFO - Loaded existing registry from S:\Forecasting System\trained_models\model_registry.json
2026-05-06 19:18:14,893 - ModelRegistry - INFO - Loaded existing registry from S:\Forecasting System\trained_models\model_registry.json
2026-05-06 19:18:14,894 - ModelRegistry - INFO - Loaded existing registry from S:\Forecasting System\trained_models\model_registry.json
2026-05-06 19:19:32,111 - ModelRegistry - INFO - Loaded existing registry from S:\Forecasting System\trained_models\model_registry.json
2026-05-06 19:21:01,392 - ModelRegistry - INFO - Loaded existing registry from S:\Forecasting System\trained_models\model_registry.json
2026-05-06 19:22:18,449 - ModelRegistry - INFO - Loaded existing registry from S:\Forecasting System\trained_models\model_registry.json
2026-05-06 19:26:54,475 - ModelRegistry - INFO - Loaded existing registry from S:\Forecasting System\trained_models\model_registry.json
2026-05-06 19:28:38,453 - ModelRegistry - INFO - Loaded existing registry from S:\Forecasting System\trained_models\model_registry.json
2026-05-06 19:30:29,608 - ModelRegistry - INFO - Loaded existing registry from S:\Forecasting System\trained_models\model_registry.json
2026-05-06 19:32:12,707 - ModelRegistry - INFO - Loaded existing registry from S:\Forecasting System\trained_models\model_registry.json
2026-05-06 19:32:24,933 - ModelRegistry - INFO - Loaded existing registry from S:\Forecasting System\trained_models\model_registry.json
2026-05-06 19:33:08,183 - ModelRegistry - INFO - Loaded existing registry from S:\Forecasting System\trained_models\model_registry.json
2026-05-06 19:38:27,644 - ModelRegistry - INFO - Loaded existing registry from S:\Forecasting System\trained_models\model_registry.json
2026-05-06 19:38:55,770 - ModelRegistry - INFO - Loaded existing registry from S:\Forecasting System\trained_models\model_registry.json
2026-05-06 19:39:14,252 - ModelRegistry - INFO - Loaded existing registry from S:\Forecasting System\trained_models\model_registry.json
2026-05-06 19:39:30,073 - ModelRegistry - INFO - Loaded existing registry from S:\Forecasting System\trained_models\model_registry.json
2026-05-06 19:39:54,958 - ModelRegistry - INFO - Loaded existing registry from S:\Forecasting System\trained_models\model_registry.json
2026-05-06 19:40:32,608 - ModelRegistry - INFO - Loaded existing registry from S:\Forecasting System\trained_models\model_registry.json
2026-05-06 19:40:42,571 - ModelRegistry - INFO - Loaded existing registry from S:\Forecasting System\trained_models\model_registry.json
2026-05-06 19:42:04,377 - ModelRegistry - INFO - Loaded existing registry from S:\Forecasting System\trained_models\model_registry.json
2026-05-06 19:42:08,527 - ModelRegistry - INFO - Registry entry added for state=Alabama model=XGBoost
2026-05-06 19:42:08,529 - ModelRegistry - INFO - Saved model registry to S:\Forecasting System\trained_models\model_registry.json
2026-05-06 19:42:12,193 - ModelRegistry - INFO - Registry entry added for state=Arizona model=XGBoost
2026-05-06 19:42:12,195 - ModelRegistry - INFO - Saved model registry to S:\Forecasting System\trained_models\model_registry.json
2026-05-06 19:42:15,799 - ModelRegistry - INFO - Registry entry added for state=Arkansas model=XGBoost
2026-05-06 19:42:15,800 - ModelRegistry - INFO - Saved model registry to S:\Forecasting System\trained_models\model_registry.json
2026-05-06 19:42:19,886 - ModelRegistry - INFO - Registry entry added for state=California model=XGBoost
2026-05-06 19:42:19,889 - ModelRegistry - INFO - Saved model registry to S:\Forecasting System\trained_models\model_registry.json
2026-05-06 19:42:23,833 - ModelRegistry - INFO - Registry entry added for state=Colorado model=XGBoost
2026-05-06 19:42:23,837 - ModelRegistry - INFO - Saved model registry to S:\Forecasting System\trained_models\model_registry.json
2026-05-06 19:42:27,327 - ModelRegistry - INFO - Registry entry added for state=Connecticut model=XGBoost
2026-05-06 19:42:27,329 - ModelRegistry - INFO - Saved model registry to S:\Forecasting System\trained_models\model_registry.json
2026-05-06 19:42:31,128 - ModelRegistry - INFO - Registry entry added for state=Florida model=LSTM
2026-05-06 19:42:31,130 - ModelRegistry - INFO - Saved model registry to S:\Forecasting System\trained_models\model_registry.json
2026-05-06 19:42:35,169 - ModelRegistry - INFO - Registry entry added for state=Georgia model=XGBoost
2026-05-06 19:42:35,172 - ModelRegistry - INFO - Saved model registry to S:\Forecasting System\trained_models\model_registry.json
2026-05-06 19:42:39,131 - ModelRegistry - INFO - Registry entry added for state=Illinois model=XGBoost
2026-05-06 19:42:39,134 - ModelRegistry - INFO - Saved model registry to S:\Forecasting System\trained_models\model_registry.json
2026-05-06 19:42:43,451 - ModelRegistry - INFO - Registry entry added for state=Indiana model=XGBoost
2026-05-06 19:42:43,454 - ModelRegistry - INFO - Saved model registry to S:\Forecasting System\trained_models\model_registry.json
2026-05-06 19:42:47,282 - ModelRegistry - INFO - Registry entry added for state=Iowa model=XGBoost
2026-05-06 19:42:47,286 - ModelRegistry - INFO - Saved model registry to S:\Forecasting System\trained_models\model_registry.json
2026-05-06 19:42:51,462 - ModelRegistry - INFO - Registry entry added for state=Kansas model=XGBoost
2026-05-06 19:42:51,464 - ModelRegistry - INFO - Saved model registry to S:\Forecasting System\trained_models\model_registry.json
2026-05-06 19:42:55,012 - ModelRegistry - INFO - Registry entry added for state=Kentucky model=XGBoost
2026-05-06 19:42:55,015 - ModelRegistry - INFO - Saved model registry to S:\Forecasting System\trained_models\model_registry.json
2026-05-06 19:42:59,584 - ModelRegistry - INFO - Registry entry added for state=Louisiana model=XGBoost
2026-05-06 19:42:59,587 - ModelRegistry - INFO - Saved model registry to S:\Forecasting System\trained_models\model_registry.json
2026-05-06 19:43:04,116 - ModelRegistry - INFO - Registry entry added for state=Maine model=XGBoost
2026-05-06 19:43:04,119 - ModelRegistry - INFO - Saved model registry to S:\Forecasting System\trained_models\model_registry.json
2026-05-06 19:43:07,978 - ModelRegistry - INFO - Registry entry added for state=Maryland model=XGBoost
2026-05-06 19:43:07,981 - ModelRegistry - INFO - Saved model registry to S:\Forecasting System\trained_models\model_registry.json
2026-05-06 19:43:12,304 - ModelRegistry - INFO - Registry entry added for state=Massachusetts model=XGBoost
2026-05-06 19:43:12,307 - ModelRegistry - INFO - Saved model registry to S:\Forecasting System\trained_models\model_registry.json
2026-05-06 19:43:16,209 - ModelRegistry - INFO - Registry entry added for state=Michigan model=XGBoost
2026-05-06 19:43:16,212 - ModelRegistry - INFO - Saved model registry to S:\Forecasting System\trained_models\model_registry.json
2026-05-06 19:43:20,188 - ModelRegistry - INFO - Registry entry added for state=Minnesota model=XGBoost
2026-05-06 19:43:20,191 - ModelRegistry - INFO - Saved model registry to S:\Forecasting System\trained_models\model_registry.json
2026-05-06 19:43:24,101 - ModelRegistry - INFO - Registry entry added for state=Mississippi model=XGBoost
2026-05-06 19:43:24,105 - ModelRegistry - INFO - Saved model registry to S:\Forecasting System\trained_models\model_registry.json
2026-05-06 19:43:28,718 - ModelRegistry - INFO - Registry entry added for state=Missouri model=XGBoost
2026-05-06 19:43:28,722 - ModelRegistry - INFO - Saved model registry to S:\Forecasting System\trained_models\model_registry.json
2026-05-06 19:43:32,418 - ModelRegistry - INFO - Registry entry added for state=Nebraska model=XGBoost
2026-05-06 19:43:32,420 - ModelRegistry - INFO - Saved model registry to S:\Forecasting System\trained_models\model_registry.json
2026-05-06 19:43:36,667 - ModelRegistry - INFO - Registry entry added for state=Nevada model=XGBoost
2026-05-06 19:43:36,671 - ModelRegistry - INFO - Saved model registry to S:\Forecasting System\trained_models\model_registry.json
2026-05-06 19:43:41,048 - ModelRegistry - INFO - Registry entry added for state=New Hampshire model=XGBoost
2026-05-06 19:43:41,052 - ModelRegistry - INFO - Saved model registry to S:\Forecasting System\trained_models\model_registry.json
2026-05-06 19:43:45,391 - ModelRegistry - INFO - Registry entry added for state=New Mexico model=XGBoost
2026-05-06 19:43:45,394 - ModelRegistry - INFO - Saved model registry to S:\Forecasting System\trained_models\model_registry.json
2026-05-06 19:43:49,433 - ModelRegistry - INFO - Registry entry added for state=New York model=XGBoost
2026-05-06 19:43:49,437 - ModelRegistry - INFO - Saved model registry to S:\Forecasting System\trained_models\model_registry.json
2026-05-06 19:43:53,876 - ModelRegistry - INFO - Registry entry added for state=North Carolina model=XGBoost
2026-05-06 19:43:53,880 - ModelRegistry - INFO - Saved model registry to S:\Forecasting System\trained_models\model_registry.json
2026-05-06 19:43:57,704 - ModelRegistry - INFO - Registry entry added for state=Ohio model=XGBoost
2026-05-06 19:43:57,707 - ModelRegistry - INFO - Saved model registry to S:\Forecasting System\trained_models\model_registry.json
2026-05-06 19:44:01,865 - ModelRegistry - INFO - Registry entry added for state=Oklahoma model=XGBoost
2026-05-06 19:44:01,868 - ModelRegistry - INFO - Saved model registry to S:\Forecasting System\trained_models\model_registry.json
2026-05-06 19:44:06,399 - ModelRegistry - INFO - Registry entry added for state=Oregon model=XGBoost
2026-05-06 19:44:06,405 - ModelRegistry - INFO - Saved model registry to S:\Forecasting System\trained_models\model_registry.json
2026-05-06 19:44:11,387 - ModelRegistry - INFO - Registry entry added for state=Pennsylvania model=XGBoost
2026-05-06 19:44:11,390 - ModelRegistry - INFO - Saved model registry to S:\Forecasting System\trained_models\model_registry.json
2026-05-06 19:44:15,828 - ModelRegistry - INFO - Registry entry added for state=Rhode Island model=XGBoost
2026-05-06 19:44:15,832 - ModelRegistry - INFO - Saved model registry to S:\Forecasting System\trained_models\model_registry.json
2026-05-06 19:44:20,601 - ModelRegistry - INFO - Registry entry added for state=South Carolina model=XGBoost
2026-05-06 19:44:20,605 - ModelRegistry - INFO - Saved model registry to S:\Forecasting System\trained_models\model_registry.json
2026-05-06 19:44:24,691 - ModelRegistry - INFO - Registry entry added for state=South Dakota model=XGBoost
2026-05-06 19:44:24,696 - ModelRegistry - INFO - Saved model registry to S:\Forecasting System\trained_models\model_registry.json
2026-05-06 19:44:28,672 - ModelRegistry - INFO - Registry entry added for state=Tennessee model=XGBoost
2026-05-06 19:44:28,675 - ModelRegistry - INFO - Saved model registry to S:\Forecasting System\trained_models\model_registry.json
2026-05-06 19:44:32,900 - ModelRegistry - INFO - Registry entry added for state=Texas model=XGBoost
2026-05-06 19:44:32,904 - ModelRegistry - INFO - Saved model registry to S:\Forecasting System\trained_models\model_registry.json
2026-05-06 19:44:36,639 - ModelRegistry - INFO - Registry entry added for state=Utah model=XGBoost
2026-05-06 19:44:36,642 - ModelRegistry - INFO - Saved model registry to S:\Forecasting System\trained_models\model_registry.json
2026-05-06 19:44:40,629 - ModelRegistry - INFO - Registry entry added for state=Vermont model=XGBoost
2026-05-06 19:44:40,634 - ModelRegistry - INFO - Saved model registry to S:\Forecasting System\trained_models\model_registry.json
2026-05-06 19:44:44,360 - ModelRegistry - INFO - Registry entry added for state=Virginia model=XGBoost
2026-05-06 19:44:44,364 - ModelRegistry - INFO - Saved model registry to S:\Forecasting System\trained_models\model_registry.json
2026-05-06 19:44:48,976 - ModelRegistry - INFO - Registry entry added for state=Washington model=XGBoost
2026-05-06 19:44:48,980 - ModelRegistry - INFO - Saved model registry to S:\Forecasting System\trained_models\model_registry.json
2026-05-06 19:44:53,423 - ModelRegistry - INFO - Registry entry added for state=West Virginia model=XGBoost
2026-05-06 19:44:53,428 - ModelRegistry - INFO - Saved model registry to S:\Forecasting System\trained_models\model_registry.json
2026-05-06 19:44:57,421 - ModelRegistry - INFO - Registry entry added for state=Wisconsin model=XGBoost
2026-05-06 19:44:57,431 - ModelRegistry - INFO - Saved model registry to S:\Forecasting System\trained_models\model_registry.json
2026-05-06 19:45:01,706 - ModelRegistry - INFO - Registry entry added for state=Wyoming model=XGBoost
2026-05-06 19:45:01,712 - ModelRegistry - INFO - Saved model registry to S:\Forecasting System\trained_models\model_registry.json
2026-05-06 19:45:23,845 - ModelRegistry - INFO - Loaded existing registry from S:\Forecasting System\trained_models\model_registry.json
2026-05-06 19:47:51,301 - ModelRegistry - INFO - Loaded existing registry from S:\Forecasting System\trained_models\model_registry.json
2026-05-06 20:10:11,965 - ModelRegistry - INFO - Loaded existing registry from S:\Forecasting System\trained_models\model_registry.json
2026-05-06 20:13:53,584 - ModelRegistry - INFO - Loaded existing registry from S:\Forecasting System\trained_models\model_registry.json
2026-05-06 20:15:39,743 - ModelRegistry - INFO - Loaded existing registry from S:\Forecasting System\trained_models\model_registry.json
2026-05-06 20:16:34,073 - ModelRegistry - INFO - Loaded existing registry from S:\Forecasting System\trained_models\model_registry.json
2026-05-06 20:19:46,203 - ModelRegistry - INFO - Loaded existing registry from S:\Forecasting System\trained_models\model_registry.json
2026-05-06 20:20:00,835 - ModelRegistry - INFO - Loaded existing registry from S:\Forecasting System\trained_models\model_registry.json
2026-05-06 20:26:48,861 - ModelRegistry - INFO - Loaded existing registry from S:\Forecasting System\trained_models\model_registry.json
