2026-05-06 18:22:44,583 - PredictionService - INFO - Generating forecast for state=Texas periods=8
2026-05-06 18:22:44,819 - PredictionService - INFO - Loaded XGBoost model from S:\Forecasting System\trained_models\xgboost_texas.pkl
2026-05-06 18:22:45,265 - PredictionService - INFO - Forecast generated for state=Texas using model=XGBoost
2026-05-06 18:33:31,894 - PredictionService - INFO - Generating forecast for state=Texas periods=8
2026-05-06 18:33:31,912 - PredictionService - INFO - Loaded XGBoost model from S:\Forecasting System\trained_models\xgboost_texas.pkl
2026-05-06 18:33:32,165 - PredictionService - INFO - Forecast generated for state=Texas using model=XGBoost
2026-05-06 18:41:04,960 - PredictionService - INFO - Generating forecast for state=Alabama periods=8
2026-05-06 18:41:05,303 - PredictionService - INFO - Loaded XGBoost model from S:\Forecasting System\trained_models\xgboost_alabama.pkl
2026-05-06 18:41:05,486 - PredictionService - INFO - Forecast generated for state=Alabama using model=XGBoost
2026-05-06 18:41:05,497 - PredictionService - INFO - Generating forecast for state=Alabama periods=8
2026-05-06 18:41:05,503 - PredictionService - INFO - Loaded XGBoost model from S:\Forecasting System\trained_models\xgboost_alabama.pkl
2026-05-06 18:41:05,636 - PredictionService - INFO - Forecast generated for state=Alabama using model=XGBoost
2026-05-06 18:41:05,645 - PredictionService - INFO - Generating forecast for state=Alabama periods=8
2026-05-06 18:41:05,652 - PredictionService - INFO - Loaded XGBoost model from S:\Forecasting System\trained_models\xgboost_alabama.pkl
2026-05-06 18:41:05,825 - PredictionService - INFO - Forecast generated for state=Alabama using model=XGBoost
2026-05-06 18:41:05,833 - PredictionService - INFO - Generating forecast for state=Alabama periods=8
2026-05-06 18:41:05,847 - PredictionService - INFO - Loaded XGBoost model from S:\Forecasting System\trained_models\xgboost_alabama.pkl
2026-05-06 18:41:06,011 - PredictionService - INFO - Forecast generated for state=Alabama using model=XGBoost
2026-05-06 18:49:25,624 - PredictionService - INFO - Generating forecast for state=Alabama periods=8 model_override=XGBoost
2026-05-06 18:49:25,638 - PredictionService - INFO - Loaded XGBoost model from S:\Forecasting System\trained_models\xgboost_alabama.pkl
2026-05-06 18:49:25,797 - PredictionService - INFO - Forecast generated for state=Alabama using model=XGBoost
2026-05-06 18:49:25,807 - PredictionService - INFO - Generating forecast for state=Alabama periods=8 model_override=LSTM
2026-05-06 18:49:25,817 - PredictionService - INFO - Generating forecast for state=Alabama periods=8 model_override=SARIMA
2026-05-06 18:49:25,854 - PredictionService - INFO - Generating forecast for state=Alabama periods=8 model_override=Prophet
2026-05-06 18:49:26,061 - PredictionService - INFO - Loaded Prophet model from S:\Forecasting System\trained_models\prophet_alabama.pkl
2026-05-06 18:53:10,709 - PredictionService - INFO - Generating forecast for state=Alabama periods=8 model_override=XGBoost
2026-05-06 18:53:10,733 - PredictionService - INFO - Loaded XGBoost model from S:\Forecasting System\trained_models\xgboost_alabama.pkl
2026-05-06 18:53:10,962 - PredictionService - INFO - Forecast generated for state=Alabama using model=XGBoost
2026-05-06 18:53:10,968 - PredictionService - INFO - Generating forecast for state=Alabama periods=8 model_override=LSTM
2026-05-06 18:53:10,973 - PredictionService - INFO - Generating forecast for state=Alabama periods=8 model_override=SARIMA
2026-05-06 18:53:10,983 - PredictionService - INFO - Generating forecast for state=Alabama periods=8 model_override=Prophet
2026-05-06 18:53:11,092 - PredictionService - INFO - Loaded Prophet model from S:\Forecasting System\trained_models\prophet_alabama.pkl
2026-05-06 18:56:42,013 - PredictionService - INFO - Generating forecast for state=Alabama periods=8 model_override=XGBoost
2026-05-06 18:56:42,016 - PredictionService - INFO - Loaded XGBoost model from S:\Forecasting System\trained_models\xgboost_alabama.pkl
2026-05-06 18:56:42,069 - PredictionService - INFO - Forecast generated for state=Alabama using model=XGBoost
2026-05-06 18:56:42,074 - PredictionService - INFO - Generating forecast for state=Alabama periods=8 model_override=LSTM
2026-05-06 18:56:42,079 - PredictionService - INFO - Generating forecast for state=Alabama periods=8 model_override=SARIMA
2026-05-06 18:56:42,085 - PredictionService - INFO - Generating forecast for state=Alabama periods=8 model_override=Prophet
2026-05-06 18:56:42,179 - PredictionService - INFO - Loaded Prophet model from S:\Forecasting System\trained_models\prophet_alabama.pkl
2026-05-06 18:59:22,132 - PredictionService - INFO - Generating forecast for state=Alabama periods=8 model_override=XGBoost
2026-05-06 18:59:22,156 - PredictionService - INFO - Loaded XGBoost model from S:\Forecasting System\trained_models\xgboost_alabama.pkl
2026-05-06 18:59:22,217 - PredictionService - INFO - Forecast generated for state=Alabama using model=XGBoost
2026-05-06 18:59:22,222 - PredictionService - INFO - Generating forecast for state=Alabama periods=8 model_override=LSTM
2026-05-06 18:59:22,646 - PredictionService - INFO - Generating forecast for state=Alabama periods=8 model_override=SARIMA
2026-05-06 18:59:22,678 - PredictionService - INFO - Generating forecast for state=Alabama periods=8 model_override=Prophet
2026-05-06 19:03:53,365 - PredictionService - INFO - Generating forecast for state=Alabama periods=8 model_override=XGBoost
2026-05-06 19:03:53,387 - PredictionService - INFO - Loaded XGBoost model from S:\Forecasting System\trained_models\xgboost_alabama.pkl
2026-05-06 19:03:53,608 - PredictionService - INFO - Forecast generated for state=Alabama using model=XGBoost
2026-05-06 19:03:53,627 - PredictionService - INFO - Generating forecast for state=Alabama periods=8 model_override=LSTM
2026-05-06 19:03:53,833 - PredictionService - INFO - Generating forecast for state=Alabama periods=8 model_override=SARIMA
2026-05-06 19:03:53,853 - PredictionService - INFO - Generating forecast for state=Alabama periods=8 model_override=Prophet
2026-05-06 19:06:49,669 - PredictionService - INFO - Generating forecast for state=Alabama periods=8 model_override=XGBoost
2026-05-06 19:06:49,679 - PredictionService - INFO - Loaded XGBoost model from S:\Forecasting System\trained_models\xgboost_alabama.pkl
2026-05-06 19:06:49,859 - PredictionService - INFO - Forecast generated for state=Alabama using model=XGBoost
2026-05-06 19:06:49,863 - PredictionService - INFO - Generating forecast for state=Alabama periods=8 model_override=LSTM
2026-05-06 19:06:49,929 - PredictionService - INFO - Generating forecast for state=Alabama periods=8 model_override=SARIMA
2026-05-06 19:06:49,936 - PredictionService - INFO - Generating forecast for state=Alabama periods=8 model_override=Prophet
2026-05-06 19:11:29,667 - PredictionService - INFO - Generating forecast for state=Alabama periods=8 model_override=XGBoost
2026-05-06 19:11:29,707 - PredictionService - INFO - Loaded XGBoost model from S:\Forecasting System\trained_models\xgboost_alabama.pkl
2026-05-06 19:11:29,901 - PredictionService - INFO - Forecast generated for state=Alabama using model=XGBoost
2026-05-06 19:11:29,906 - PredictionService - INFO - Generating forecast for state=Alabama periods=8 model_override=LSTM
2026-05-06 19:11:30,093 - PredictionService - INFO - Loaded LSTM model from S:\Forecasting System\trained_models\lstm_alabama.h5
2026-05-06 19:11:31,775 - PredictionService - INFO - Forecast generated for state=Alabama using model=LSTM
2026-05-06 19:11:31,795 - PredictionService - INFO - Generating forecast for state=Alabama periods=8 model_override=SARIMA
2026-05-06 19:11:31,887 - PredictionService - INFO - Loaded SARIMA model from S:\Forecasting System\trained_models\sarima_alabama.pkl
2026-05-06 19:11:31,930 - PredictionService - INFO - Forecast generated for state=Alabama using model=SARIMA
2026-05-06 19:11:31,938 - PredictionService - INFO - Generating forecast for state=Alabama periods=8 model_override=Prophet
2026-05-06 19:19:43,976 - PredictionService - INFO - Generating forecast for state=Alabama periods=8 model_override=XGBoost
2026-05-06 19:19:44,020 - PredictionService - INFO - Loaded XGBoost model from S:\Forecasting System\trained_models\xgboost_alabama.pkl
2026-05-06 19:19:44,237 - PredictionService - INFO - Forecast generated for state=Alabama using model=XGBoost
2026-05-06 19:19:44,242 - PredictionService - INFO - Generating forecast for state=Alabama periods=8 model_override=LSTM
2026-05-06 19:19:44,382 - PredictionService - INFO - Loaded LSTM model from S:\Forecasting System\trained_models\lstm_alabama.h5
2026-05-06 19:19:46,170 - PredictionService - INFO - Forecast generated for state=Alabama using model=LSTM
2026-05-06 19:19:46,174 - PredictionService - INFO - Generating forecast for state=Alabama periods=8 model_override=SARIMA
2026-05-06 19:19:46,190 - PredictionService - INFO - Loaded SARIMA model from S:\Forecasting System\trained_models\sarima_alabama.pkl
2026-05-06 19:19:46,217 - PredictionService - INFO - Forecast generated for state=Alabama using model=SARIMA
2026-05-06 19:19:46,246 - PredictionService - INFO - Generating forecast for state=Alabama periods=8 model_override=Prophet
2026-05-06 19:22:28,993 - PredictionService - INFO - Generating forecast for state=Alabama periods=8 model_override=XGBoost
2026-05-06 19:22:29,033 - PredictionService - INFO - Loaded XGBoost model from S:\Forecasting System\trained_models\xgboost_alabama.pkl
2026-05-06 19:22:29,268 - PredictionService - INFO - Forecast generated for state=Alabama using model=XGBoost
2026-05-06 19:22:29,298 - PredictionService - INFO - Generating forecast for state=Alabama periods=8 model_override=LSTM
2026-05-06 19:22:29,460 - PredictionService - INFO - Loaded LSTM model from S:\Forecasting System\trained_models\lstm_alabama.h5
2026-05-06 19:22:31,058 - PredictionService - INFO - Forecast generated for state=Alabama using model=LSTM
2026-05-06 19:22:31,082 - PredictionService - INFO - Generating forecast for state=Alabama periods=8 model_override=SARIMA
2026-05-06 19:22:31,123 - PredictionService - INFO - Loaded SARIMA model from S:\Forecasting System\trained_models\sarima_alabama.pkl
2026-05-06 19:22:31,189 - PredictionService - INFO - Forecast generated for state=Alabama using model=SARIMA
2026-05-06 19:22:31,222 - PredictionService - INFO - Generating forecast for state=Alabama periods=8 model_override=Prophet
2026-05-06 19:27:02,273 - PredictionService - INFO - Generating forecast for state=Alabama periods=8 model_override=XGBoost
2026-05-06 19:27:02,310 - PredictionService - INFO - Loaded XGBoost model from S:\Forecasting System\trained_models\xgboost_alabama.pkl
2026-05-06 19:27:02,525 - PredictionService - INFO - Forecast generated for state=Alabama using model=XGBoost
2026-05-06 19:27:02,530 - PredictionService - INFO - Generating forecast for state=Alabama periods=8 model_override=LSTM
2026-05-06 19:27:02,703 - PredictionService - INFO - Loaded LSTM model from S:\Forecasting System\trained_models\lstm_alabama.h5
2026-05-06 19:27:04,120 - PredictionService - INFO - Forecast generated for state=Alabama using model=LSTM
2026-05-06 19:27:04,142 - PredictionService - INFO - Generating forecast for state=Alabama periods=8 model_override=SARIMA
2026-05-06 19:27:04,178 - PredictionService - INFO - Loaded SARIMA model from S:\Forecasting System\trained_models\sarima_alabama.pkl
2026-05-06 19:27:04,211 - PredictionService - INFO - Forecast generated for state=Alabama using model=SARIMA
2026-05-06 19:27:04,234 - PredictionService - INFO - Generating forecast for state=Alabama periods=8 model_override=Prophet
2026-05-06 19:27:04,302 - PredictionService - INFO - Loaded Prophet model from S:\Forecasting System\trained_models\prophet_alabama.pkl
2026-05-06 19:27:04,749 - PredictionService - INFO - Forecast generated for state=Alabama using model=Prophet
2026-05-06 19:30:36,424 - PredictionService - INFO - Generating forecast for state=Alabama periods=8 model_override=XGBoost
2026-05-06 19:30:36,458 - PredictionService - INFO - Loaded XGBoost model from S:\Forecasting System\trained_models\xgboost_alabama.pkl
2026-05-06 19:30:36,671 - PredictionService - INFO - Forecast generated for state=Alabama using model=XGBoost
2026-05-06 19:30:36,676 - PredictionService - INFO - Generating forecast for state=Alabama periods=8 model_override=LSTM
2026-05-06 19:30:36,835 - PredictionService - INFO - Loaded LSTM model from S:\Forecasting System\trained_models\lstm_alabama.h5
2026-05-06 19:30:37,749 - PredictionService - INFO - Forecast generated for state=Alabama using model=LSTM
2026-05-06 19:30:37,769 - PredictionService - INFO - Generating forecast for state=Alabama periods=8 model_override=SARIMA
2026-05-06 19:30:37,782 - PredictionService - INFO - Loaded SARIMA model from S:\Forecasting System\trained_models\sarima_alabama.pkl
2026-05-06 19:30:37,805 - PredictionService - INFO - Forecast generated for state=Alabama using model=SARIMA
2026-05-06 19:30:37,811 - PredictionService - INFO - Generating forecast for state=Alabama periods=8 model_override=Prophet
2026-05-06 19:30:37,852 - PredictionService - INFO - Loaded Prophet model from S:\Forecasting System\trained_models\prophet_alabama.pkl
2026-05-06 19:30:38,056 - PredictionService - INFO - Forecast generated for state=Alabama using model=Prophet
2026-05-06 19:33:16,070 - PredictionService - INFO - Generating forecast for state=Alabama periods=8 model_override=XGBoost
2026-05-06 19:33:16,101 - PredictionService - INFO - Loaded XGBoost model from S:\Forecasting System\trained_models\xgboost_alabama.pkl
2026-05-06 19:33:16,298 - PredictionService - INFO - Forecast generated for state=Alabama using model=XGBoost
2026-05-06 19:33:16,314 - PredictionService - INFO - Generating forecast for state=Alabama periods=8 model_override=LSTM
2026-05-06 19:33:16,480 - PredictionService - INFO - Loaded LSTM model from S:\Forecasting System\trained_models\lstm_alabama.h5
2026-05-06 19:33:18,033 - PredictionService - INFO - Forecast generated for state=Alabama using model=LSTM
2026-05-06 19:33:18,043 - PredictionService - INFO - Generating forecast for state=Alabama periods=8 model_override=SARIMA
2026-05-06 19:33:18,093 - PredictionService - INFO - Loaded SARIMA model from S:\Forecasting System\trained_models\sarima_alabama.pkl
2026-05-06 19:33:18,152 - PredictionService - INFO - Forecast generated for state=Alabama using model=SARIMA
2026-05-06 19:33:18,178 - PredictionService - INFO - Generating forecast for state=Alabama periods=8 model_override=Prophet
2026-05-06 19:33:18,633 - PredictionService - INFO - Loaded Prophet model from S:\Forecasting System\trained_models\prophet_alabama.pkl
2026-05-06 19:33:18,741 - PredictionService - INFO - Forecast generated for state=Alabama using model=Prophet
2026-05-06 19:45:34,720 - PredictionService - INFO - Generating forecast for state=Alabama periods=8 model_override=XGBoost
2026-05-06 19:45:34,765 - PredictionService - INFO - Loaded XGBoost model from S:\Forecasting System\trained_models\xgboost_alabama.pkl
2026-05-06 19:45:34,993 - PredictionService - INFO - Forecast generated for state=Alabama using model=XGBoost
2026-05-06 19:45:34,998 - PredictionService - INFO - Generating forecast for state=Alabama periods=8 model_override=LSTM
2026-05-06 19:45:35,136 - PredictionService - INFO - Loaded LSTM model from S:\Forecasting System\trained_models\lstm_alabama.h5
2026-05-06 19:45:37,099 - PredictionService - INFO - Forecast generated for state=Alabama using model=LSTM
2026-05-06 19:45:37,121 - PredictionService - INFO - Generating forecast for state=Alabama periods=8 model_override=SARIMA
2026-05-06 19:45:37,235 - PredictionService - INFO - Loaded SARIMA model from S:\Forecasting System\trained_models\sarima_alabama.pkl
2026-05-06 19:45:37,296 - PredictionService - INFO - Forecast generated for state=Alabama using model=SARIMA
2026-05-06 19:45:37,313 - PredictionService - INFO - Generating forecast for state=Alabama periods=8 model_override=Prophet
2026-05-06 19:45:37,774 - PredictionService - INFO - Loaded Prophet model from S:\Forecasting System\trained_models\prophet_alabama.pkl
2026-05-06 19:45:37,920 - PredictionService - INFO - Forecast generated for state=Alabama using model=Prophet
2026-05-06 20:10:20,378 - PredictionService - INFO - Generating forecast for state=Alabama periods=8 model_override=XGBoost
2026-05-06 20:10:20,398 - PredictionService - INFO - Loaded XGBoost model from S:\Forecasting System\trained_models\xgboost_alabama.pkl
2026-05-06 20:10:20,620 - PredictionService - INFO - Forecast generated for state=Alabama using model=XGBoost
2026-05-06 20:10:20,656 - PredictionService - INFO - Generating forecast for state=Alabama periods=8 model_override=LSTM
2026-05-06 20:10:20,836 - PredictionService - INFO - Loaded LSTM model from S:\Forecasting System\trained_models\lstm_alabama.h5
2026-05-06 20:10:22,577 - PredictionService - INFO - Forecast generated for state=Alabama using model=LSTM
2026-05-06 20:10:22,612 - PredictionService - INFO - Generating forecast for state=Alabama periods=8 model_override=SARIMA
2026-05-06 20:10:22,656 - PredictionService - INFO - Loaded SARIMA model from S:\Forecasting System\trained_models\sarima_alabama.pkl
2026-05-06 20:10:22,714 - PredictionService - INFO - Forecast generated for state=Alabama using model=SARIMA
2026-05-06 20:10:22,726 - PredictionService - INFO - Generating forecast for state=Alabama periods=8 model_override=Prophet
2026-05-06 20:10:23,239 - PredictionService - INFO - Loaded Prophet model from S:\Forecasting System\trained_models\prophet_alabama.pkl
2026-05-06 20:10:23,416 - PredictionService - INFO - Forecast generated for state=Alabama using model=Prophet
2026-05-06 20:15:42,789 - PredictionService - INFO - Generating forecast for state=Alabama periods=8 model_override=XGBoost
2026-05-06 20:15:42,813 - PredictionService - INFO - Loaded XGBoost model from S:\Forecasting System\trained_models\xgboost_alabama.pkl
2026-05-06 20:15:42,997 - PredictionService - INFO - Forecast generated for state=Alabama using model=XGBoost
2026-05-06 20:15:43,007 - PredictionService - INFO - Generating forecast for state=Alabama periods=8 model_override=LSTM
2026-05-06 20:15:43,163 - PredictionService - INFO - Loaded LSTM model from S:\Forecasting System\trained_models\lstm_alabama.h5
2026-05-06 20:15:44,256 - PredictionService - INFO - Forecast generated for state=Alabama using model=LSTM
2026-05-06 20:15:44,285 - PredictionService - INFO - Generating forecast for state=Alabama periods=8 model_override=SARIMA
2026-05-06 20:15:44,315 - PredictionService - INFO - Loaded SARIMA model from S:\Forecasting System\trained_models\sarima_alabama.pkl
2026-05-06 20:15:44,363 - PredictionService - INFO - Forecast generated for state=Alabama using model=SARIMA
2026-05-06 20:15:44,394 - PredictionService - INFO - Generating forecast for state=Alabama periods=8 model_override=Prophet
2026-05-06 20:15:44,447 - PredictionService - INFO - Loaded Prophet model from S:\Forecasting System\trained_models\prophet_alabama.pkl
2026-05-06 20:15:44,774 - PredictionService - INFO - Forecast generated for state=Alabama using model=Prophet
2026-05-06 20:16:49,808 - PredictionService - INFO - Generating forecast for state=Alabama periods=8 model_override=XGBoost
2026-05-06 20:16:49,823 - PredictionService - INFO - Loaded XGBoost model from S:\Forecasting System\trained_models\xgboost_alabama.pkl
2026-05-06 20:16:50,041 - PredictionService - INFO - Forecast generated for state=Alabama using model=XGBoost
2026-05-06 20:16:50,062 - PredictionService - INFO - Generating forecast for state=Alabama periods=8 model_override=LSTM
2026-05-06 20:16:50,228 - PredictionService - INFO - Loaded LSTM model from S:\Forecasting System\trained_models\lstm_alabama.h5
2026-05-06 20:16:52,092 - PredictionService - INFO - Forecast generated for state=Alabama using model=LSTM
2026-05-06 20:16:52,098 - PredictionService - INFO - Generating forecast for state=Alabama periods=8 model_override=SARIMA
2026-05-06 20:16:52,125 - PredictionService - INFO - Loaded SARIMA model from S:\Forecasting System\trained_models\sarima_alabama.pkl
2026-05-06 20:16:52,169 - PredictionService - INFO - Forecast generated for state=Alabama using model=SARIMA
2026-05-06 20:16:52,198 - PredictionService - INFO - Generating forecast for state=Alabama periods=8 model_override=Prophet
2026-05-06 20:16:52,290 - PredictionService - INFO - Loaded Prophet model from S:\Forecasting System\trained_models\prophet_alabama.pkl
2026-05-06 20:16:52,740 - PredictionService - INFO - Forecast generated for state=Alabama using model=Prophet
2026-05-06 20:17:14,130 - PredictionService - INFO - Generating forecast for state=Florida periods=8 model_override=None
2026-05-06 20:17:14,274 - PredictionService - INFO - Loaded LSTM model from S:\Forecasting System\trained_models\lstm_florida.h5
2026-05-06 20:17:16,144 - PredictionService - INFO - Forecast generated for state=Florida using model=LSTM
2026-05-06 20:27:18,459 - PredictionService - INFO - Generating forecast for state=Florida periods=8 model_override=None
2026-05-06 20:27:19,347 - PredictionService - INFO - Loaded LSTM model from S:\Forecasting System\trained_models\lstm_florida.h5
2026-05-06 20:27:22,689 - PredictionService - INFO - Forecast generated for state=Florida using model=LSTM
2026-05-07 11:34:46,229 - PredictionService - INFO - Generating forecast for state=Texas periods=8 model_override=None
2026-05-07 11:34:46,386 - PredictionService - INFO - Loaded XGBoost model from S:\Forecasting System\trained_models\xgboost_texas.pkl
2026-05-07 11:34:46,758 - PredictionService - INFO - Forecast generated for state=Texas using model=XGBoost
2026-05-07 11:38:27,175 - PredictionService - INFO - Generating forecast for state=Texas periods=8 model_override=None
2026-05-07 11:38:27,184 - PredictionService - INFO - Loaded XGBoost model from S:\Forecasting System\trained_models\xgboost_texas.pkl
2026-05-07 11:38:27,246 - PredictionService - INFO - Forecast generated for state=Texas using model=XGBoost
2026-05-07 12:01:07,881 - PredictionService - INFO - Generating forecast for state=Alabama periods=8 model_override=None
2026-05-07 12:01:07,973 - PredictionService - INFO - Loaded XGBoost model from S:\Forecasting System\trained_models\xgboost_alabama.pkl
2026-05-07 12:01:08,167 - PredictionService - INFO - Forecast generated for state=Alabama using model=XGBoost
2026-05-07 12:05:46,784 - PredictionService - INFO - Generating forecast for state=Alabama periods=8 model_override=None
2026-05-07 12:05:46,855 - PredictionService - INFO - Loaded XGBoost model from S:\Forecasting System\trained_models\xgboost_alabama.pkl
2026-05-07 12:05:47,018 - PredictionService - INFO - Forecast generated for state=Alabama using model=XGBoost
2026-05-07 12:08:56,865 - PredictionService - INFO - Generating forecast for state=Alabama periods=8 model_override=None
2026-05-07 12:08:56,901 - PredictionService - INFO - Loaded XGBoost model from S:\Forecasting System\trained_models\xgboost_alabama.pkl
2026-05-07 12:08:57,066 - PredictionService - INFO - Forecast generated for state=Alabama using model=XGBoost
2026-05-07 12:11:55,175 - PredictionService - INFO - Generating forecast for state=Alabama periods=8 model_override=XGBoost
2026-05-07 12:11:55,191 - PredictionService - INFO - Loaded XGBoost model from S:\Forecasting System\trained_models\xgboost_alabama.pkl
2026-05-07 12:11:55,373 - PredictionService - INFO - Forecast generated for state=Alabama using model=XGBoost
2026-05-07 12:11:55,390 - PredictionService - INFO - Generating forecast for state=Alabama periods=8 model_override=LSTM
2026-05-07 12:11:56,374 - PredictionService - INFO - Loaded LSTM model from S:\Forecasting System\trained_models\lstm_alabama.h5
2026-05-07 12:11:59,128 - PredictionService - INFO - Forecast generated for state=Alabama using model=LSTM
2026-05-07 12:11:59,134 - PredictionService - INFO - Generating forecast for state=Alabama periods=8 model_override=SARIMA
2026-05-07 12:11:59,254 - PredictionService - INFO - Loaded SARIMA model from S:\Forecasting System\trained_models\sarima_alabama.pkl
2026-05-07 12:11:59,482 - PredictionService - INFO - Forecast generated for state=Alabama using model=SARIMA
2026-05-07 12:11:59,494 - PredictionService - INFO - Generating forecast for state=Alabama periods=8 model_override=Prophet
2026-05-07 12:11:59,614 - PredictionService - INFO - Loaded Prophet model from S:\Forecasting System\trained_models\prophet_alabama.pkl
2026-05-07 12:11:59,819 - PredictionService - INFO - Forecast generated for state=Alabama using model=Prophet
2026-05-07 12:12:05,625 - PredictionService - INFO - Generating forecast for state=Florida periods=8 model_override=XGBoost
2026-05-07 12:12:05,696 - PredictionService - INFO - Loaded XGBoost model from S:\Forecasting System\trained_models\xgboost_florida.pkl
2026-05-07 12:12:05,858 - PredictionService - INFO - Forecast generated for state=Florida using model=XGBoost
2026-05-07 12:12:05,888 - PredictionService - INFO - Generating forecast for state=Florida periods=8 model_override=LSTM
2026-05-07 12:12:06,024 - PredictionService - INFO - Loaded LSTM model from S:\Forecasting System\trained_models\lstm_florida.h5
2026-05-07 12:12:10,455 - PredictionService - INFO - Forecast generated for state=Florida using model=LSTM
2026-05-07 12:12:10,513 - PredictionService - INFO - Generating forecast for state=Florida periods=8 model_override=SARIMA
2026-05-07 12:12:10,665 - PredictionService - INFO - Loaded SARIMA model from S:\Forecasting System\trained_models\sarima_florida.pkl
2026-05-07 12:12:10,838 - PredictionService - INFO - Forecast generated for state=Florida using model=SARIMA
2026-05-07 12:12:10,896 - PredictionService - INFO - Generating forecast for state=Florida periods=8 model_override=Prophet
2026-05-07 12:12:10,992 - PredictionService - INFO - Loaded Prophet model from S:\Forecasting System\trained_models\prophet_florida.pkl
2026-05-07 12:12:11,299 - PredictionService - INFO - Forecast generated for state=Florida using model=Prophet
2026-05-07 12:13:16,550 - PredictionService - INFO - Generating forecast for state=Florida periods=8 model_override=XGBoost
2026-05-07 12:13:16,556 - PredictionService - INFO - Loaded XGBoost model from S:\Forecasting System\trained_models\xgboost_florida.pkl
2026-05-07 12:13:16,686 - PredictionService - INFO - Forecast generated for state=Florida using model=XGBoost
2026-05-07 12:13:16,695 - PredictionService - INFO - Generating forecast for state=Florida periods=8 model_override=LSTM
2026-05-07 12:13:16,783 - PredictionService - INFO - Loaded LSTM model from S:\Forecasting System\trained_models\lstm_florida.h5
2026-05-07 12:13:19,780 - PredictionService - INFO - Forecast generated for state=Florida using model=LSTM
2026-05-07 12:13:19,809 - PredictionService - INFO - Generating forecast for state=Florida periods=8 model_override=SARIMA
2026-05-07 12:13:19,867 - PredictionService - INFO - Loaded SARIMA model from S:\Forecasting System\trained_models\sarima_florida.pkl
2026-05-07 12:13:20,061 - PredictionService - INFO - Forecast generated for state=Florida using model=SARIMA
2026-05-07 12:13:20,126 - PredictionService - INFO - Generating forecast for state=Florida periods=8 model_override=Prophet
2026-05-07 12:13:20,194 - PredictionService - INFO - Loaded Prophet model from S:\Forecasting System\trained_models\prophet_florida.pkl
2026-05-07 12:13:20,554 - PredictionService - INFO - Forecast generated for state=Florida using model=Prophet
